uucp:x:10:
man:x:12:
proxy:x:13:
kmem:x:15:
dialout:x:20:
fax:x:21:
voice:x:22:
cdrom:x:24:alex
floppy:x:25:alex
tape:x:26:
sudo:x:27:alex
audio:x:29:pulse,alex
dip:x:30:alex
www-data:x:33:
backup:x:34:
operator:x:37:
list:x:38:
src:x:40:
alex:x:1000:
freebie:x:2000:
nogroup:x:65534:
hoch:x:70000:
uber:x:3147483647
