root:x:0:
daemon:x:1:
bin:x:2:
sys:x:3:
adm:x:4:
tty:x:5:
disk:x:6:
lp:x:7:
mail:x:8:
news:x:9:
fax:x:21:
voice:x:22:
cdrom:x:24:alex
floppy:x:25:alex
tape:x:26:
sudo:x:27:alex
audio:x:29:pulse,alex
dip:x:30:alex
www-data:x:33:
backup:x:34:
operator:x:37:
list:x:38:
irc:x:39:
src:x:40:
