root:x:0:
freebie:x:2000:
nogroup:x:65534:
hoch:x:70000:
uber:x:3147483647
