bin:x:2:2:bin:/bin:/usr/sbin/nologin
backup:x:34:34:backup:/var/backups:/usr/sbin/nologin
freebie:x:2000:2000:freebie,,,:/home/freebie:/bin/bash
