mail:*:16470:0:99999:7:::
news:*:16470:0:99999:7:::
