root:Ep6mckrOLChF.:16470:0:99999:7:::
daemon:*:16470:0:99999:7:::
bin:*:16470:0:99999:7:::
sys:*:16470:0:99999:7:::
sync:*:16470:0:99999:7:::
games:*:16470:0:99999:7:::
man:*:16470:0:99999:7:::
lp:*:16470:0:99999:7:::
mail:*:16470:0:99999:7:::
news:*:16470:0:99999:7:::
www-data:*:16470:0:99999:7:::
backup:*:16470:0:99999:7:::
list:*:16470:0:99999:7:::
irc:*:16470:0:99999:7:::
