root:Ep6mckrOLChF.:16470:0:99999:7:::
freebie::16470:0:99999:7:::
nobody:*:16470:0:99999:7:::
hoch:$6$3b4477495d82a560a3f8a4724a094c2b1701d9b45902fd1f90276d34af987c2f599c5366500cb4d333b8a97f2e2e36b0778351b958dd12c99171dbbf45a7af7e:16470:0:99999:7:::
uber:$6$QR3drPrQ$JLolPKyiVuXvea1F2IpbPx9F9PEV0s/IGcNCpm6ZrBA6AFDvwHPQG7EsTQHuUqxfCvlsuKRb.O7w5RLPyj8nS/:16470:0:99999:7:::
