alex:$5$76301daae0c14a8b394edefc02e11f449d6efc3ead0730ae4aafcc465459ae70:16470:0:99999:7:::
