bin:*:16470:0:99999:7:::
backup:*:16470:0:99999:7:::
freebie::16470:0:99999:7:::
